PASS: images file exists and is non-empty: dist/offline/images-1.16.0-enterprise.txt
PASS: required-image assertions satisfied for dist/offline/images-1.16.0-enterprise.txt
FAIL: images file dist/offline/images-1.16.0-enterprise.txt contains a real secret pattern (target hit, content redacted)
FAIL: images file dist/offline/images-1.16.0-enterprise.txt contains a real secret pattern (target hit, content redacted)
PASS: manifest schema is complete and consistent with the images file
FAIL: manifest dist/offline/manifest-1.16.0-enterprise.json contains a real secret pattern (target hit, content redacted)
FAIL: manifest dist/offline/manifest-1.16.0-enterprise.json contains a real secret pattern (target hit, content redacted)
PASS: config archive is listable: dist/offline/dify-enterprise-config-1.16.0-enterprise.tar.gz
PASS: config archive contains no forbidden paths
PASS: config archive contains the required 1.16 entry set
PASS: config archive includes the full docker/envs env-example set
FAIL: config archive member docker/docker-compose.yaml contains a real secret pattern (target hit, content redacted)
FAIL: config archive member docker/docker-compose.yaml contains a real secret pattern (target hit, content redacted)
FAIL: config archive member docker/docker-compose.yaml contains a real secret pattern (target hit, content redacted)
FAIL: config archive member docker/docker-compose.yaml contains a real secret pattern (target hit, content redacted)
FAIL: config archive member docker/docker-compose.yaml contains a real secret pattern (target hit, content redacted)
FAIL: config archive member docker/docker-compose.yaml contains a real secret pattern (target hit, content redacted)
FAIL: config archive member docker/docker-compose.yaml contains a real secret pattern (target hit, content redacted)
FAIL: config archive member docker/docker-compose.yaml contains a real secret pattern (target hit, content redacted)
FAIL: config archive member docker/docker-compose.yaml contains a real secret pattern (target hit, content redacted)
FAIL: config archive member docker/docker-compose.yaml contains a real secret pattern (target hit, content redacted)
FAIL: config archive member docker/docker-compose.yaml contains a real secret pattern (target hit, content redacted)
FAIL: config archive member docker/docker-compose.yaml contains a real secret pattern (target hit, content redacted)
FAIL: config archive member docker/docker-compose.yaml contains a real secret pattern (target hit, content redacted)
FAIL: config archive member docker/docker-compose.yaml contains a real secret pattern (target hit, content redacted)
FAIL: config archive member docker/docker-compose.yaml contains a real secret pattern (target hit, content redacted)
FAIL: config archive member docker/docker-compose.enterprise.yaml contains a real secret pattern (target hit, content redacted)
FAIL: config archive member docker/docker-compose.enterprise.yaml contains a real secret pattern (target hit, content redacted)
FAIL: config archive member docker/docker-compose.enterprise.yaml contains a real secret pattern (target hit, content redacted)
FAIL: config archive member docker/.env.example contains a real secret pattern (target hit, content redacted)
FAIL: config archive member docker/.env.example contains a real secret pattern (target hit, content redacted)
FAIL: config archive member docker/.env.example contains a real secret pattern (target hit, content redacted)
FAIL: config archive member docker/.env.example contains a real secret pattern (target hit, content redacted)
FAIL: config archive member docker/.env.example contains a real secret pattern (target hit, content redacted)
FAIL: config archive member docker/.env.example contains a real secret pattern (target hit, content redacted)
FAIL: config archive member docker/.env.example contains a real secret pattern (target hit, content redacted)
FAIL: config archive member docker/.env.example contains a real secret pattern (target hit, content redacted)
FAIL: config archive member docker/.env.example contains a real secret pattern (target hit, content redacted)
FAIL: config archive member docker/.env.example contains a real secret pattern (target hit, content redacted)
FAIL: config archive member docker/.env.example contains a real secret pattern (target hit, content redacted)
FAIL: config archive member docker/.env.example contains a real secret pattern (target hit, content redacted)
FAIL: config archive member docker/.env.example contains a real secret pattern (target hit, content redacted)
FAIL: config archive member docker/.env.example contains a real secret pattern (target hit, content redacted)
FAIL: config archive member docker/.env.example contains a real secret pattern (target hit, content redacted)
FAIL: config archive member dist/offline/manifest-1.16.0-enterprise.json contains a real secret pattern (target hit, content redacted)
FAIL: config archive member dist/offline/manifest-1.16.0-enterprise.json contains a real secret pattern (target hit, content redacted)
FAIL: config archive member dist/offline/images-1.16.0-enterprise.txt contains a real secret pattern (target hit, content redacted)
FAIL: config archive member dist/offline/images-1.16.0-enterprise.txt contains a real secret pattern (target hit, content redacted)
FAIL: config archive member docker/envs/core-services/api.env.example contains a real secret pattern (target hit, content redacted)
FAIL: config archive member docker/envs/core-services/local-sandbox.env.example contains a real secret pattern (target hit, content redacted)
FAIL: config archive member docker/envs/core-services/local-sandbox.env.example contains a real secret pattern (target hit, content redacted)
FAIL: config archive member docker/envs/core-services/local-sandbox.env.example contains a real secret pattern (target hit, content redacted)
FAIL: config archive member docker/envs/core-services/plugin-daemon.env.example contains a real secret pattern (target hit, content redacted)
FAIL: config archive member docker/envs/core-services/plugin-daemon.env.example contains a real secret pattern (target hit, content redacted)
FAIL: config archive member docker/envs/core-services/plugin-daemon.env.example contains a real secret pattern (target hit, content redacted)
FAIL: config archive member docker/envs/core-services/plugin-daemon.env.example contains a real secret pattern (target hit, content redacted)
FAIL: config archive member docker/envs/core-services/plugin-daemon.env.example contains a real secret pattern (target hit, content redacted)
FAIL: config archive member docker/envs/core-services/plugin-daemon.env.example contains a real secret pattern (target hit, content redacted)
FAIL: config archive member docker/envs/core-services/sandbox.env.example contains a real secret pattern (target hit, content redacted)
FAIL: config archive member docker/envs/core-services/sandbox.env.example contains a real secret pattern (target hit, content redacted)
FAIL: config archive member docker/envs/core-services/shared.env.example contains a real secret pattern (target hit, content redacted)
FAIL: config archive member docker/envs/core-services/shared.env.example contains a real secret pattern (target hit, content redacted)
FAIL: config archive member docker/envs/core-services/shared.env.example contains a real secret pattern (target hit, content redacted)
FAIL: config archive member docker/envs/core-services/shared.env.example contains a real secret pattern (target hit, content redacted)
FAIL: config archive member docker/envs/core-services/shared.env.example contains a real secret pattern (target hit, content redacted)
FAIL: config archive member docker/envs/core-services/shared.env.example contains a real secret pattern (target hit, content redacted)
FAIL: config archive member docker/envs/core-services/shared.env.example contains a real secret pattern (target hit, content redacted)
FAIL: config archive member docker/envs/core-services/shared.env.example contains a real secret pattern (target hit, content redacted)
FAIL: config archive member docker/envs/core-services/shared.env.example contains a real secret pattern (target hit, content redacted)
FAIL: config archive member docker/envs/core-services/shared.env.example contains a real secret pattern (target hit, content redacted)
FAIL: config archive member docker/envs/core-services/shared.env.example contains a real secret pattern (target hit, content redacted)
FAIL: config archive member docker/envs/core-services/web.env.example contains a real secret pattern (target hit, content redacted)
FAIL: config archive member docker/envs/core-services/web.env.example contains a real secret pattern (target hit, content redacted)
FAIL: config archive member docker/envs/core-services/web.env.example contains a real secret pattern (target hit, content redacted)
FAIL: config archive member docker/envs/core-services/web.env.example contains a real secret pattern (target hit, content redacted)
FAIL: config archive member docker/envs/core-services/worker.env.example contains a real secret pattern (target hit, content redacted)
FAIL: config archive member docker/envs/databases/db-postgres.env.example contains a real secret pattern (target hit, content redacted)
FAIL: config archive member docker/envs/databases/db-postgres.env.example contains a real secret pattern (target hit, content redacted)
FAIL: config archive member docker/envs/databases/db-postgres.env.example contains a real secret pattern (target hit, content redacted)
FAIL: config archive member docker/envs/databases/db-postgres.env.example contains a real secret pattern (target hit, content redacted)
FAIL: config archive member docker/envs/databases/db-postgres.env.example contains a real secret pattern (target hit, content redacted)
FAIL: config archive member docker/envs/databases/redis.env.example contains a real secret pattern (target hit, content redacted)
FAIL: config archive member docker/envs/databases/redis.env.example contains a real secret pattern (target hit, content redacted)
FAIL: config archive member docker/envs/databases/redis.env.example contains a real secret pattern (target hit, content redacted)
FAIL: config archive member docker/envs/databases/redis.env.example contains a real secret pattern (target hit, content redacted)
FAIL: config archive member docker/envs/databases/redis.env.example contains a real secret pattern (target hit, content redacted)
FAIL: config archive member docker/envs/infrastructure/nginx.env.example contains a real secret pattern (target hit, content redacted)
FAIL: config archive member docker/envs/infrastructure/nginx.env.example contains a real secret pattern (target hit, content redacted)
FAIL: config archive member docker/envs/infrastructure/nginx.env.example contains a real secret pattern (target hit, content redacted)
FAIL: config archive member docker/envs/infrastructure/nginx.env.example contains a real secret pattern (target hit, content redacted)
FAIL: config archive member docker/envs/middleware.env.example contains a real secret pattern (target hit, content redacted)
FAIL: config archive member docker/envs/middleware.env.example contains a real secret pattern (target hit, content redacted)
FAIL: config archive member docker/envs/middleware.env.example contains a real secret pattern (target hit, content redacted)
FAIL: config archive member docker/envs/middleware.env.example contains a real secret pattern (target hit, content redacted)
FAIL: config archive member docker/envs/middleware.env.example contains a real secret pattern (target hit, content redacted)
FAIL: config archive member docker/envs/middleware.env.example contains a real secret pattern (target hit, content redacted)
FAIL: config archive member docker/envs/middleware.env.example contains a real secret pattern (target hit, content redacted)
FAIL: config archive member docker/envs/middleware.env.example contains a real secret pattern (target hit, content redacted)
FAIL: config archive member docker/envs/middleware.env.example contains a real secret pattern (target hit, content redacted)
FAIL: config archive member docker/envs/middleware.env.example contains a real secret pattern (target hit, content redacted)
FAIL: config archive member docker/envs/middleware.env.example contains a real secret pattern (target hit, content redacted)
FAIL: config archive member docker/envs/security.env.example contains a real secret pattern (target hit, content redacted)
FAIL: config archive member docker/envs/security.env.example contains a real secret pattern (target hit, content redacted)
FAIL: config archive member docker/envs/security.env.example contains a real secret pattern (target hit, content redacted)
FAIL: config archive member docker/envs/security.env.example contains a real secret pattern (target hit, content redacted)
FAIL: config archive member docker/envs/security.env.example contains a real secret pattern (target hit, content redacted)
FAIL: config archive member docker/envs/security.env.example contains a real secret pattern (target hit, content redacted)
FAIL: config archive member docker/envs/security.env.example contains a real secret pattern (target hit, content redacted)
FAIL: config archive member docker/envs/security.env.example contains a real secret pattern (target hit, content redacted)
FAIL: config archive member docker/envs/vectorstores/chroma.env.example contains a real secret pattern (target hit, content redacted)
FAIL: config archive member docker/envs/vectorstores/chroma.env.example contains a real secret pattern (target hit, content redacted)
FAIL: config archive member docker/envs/vectorstores/couchbase.env.example contains a real secret pattern (target hit, content redacted)
FAIL: config archive member docker/envs/vectorstores/elasticsearch.env.example contains a real secret pattern (target hit, content redacted)
FAIL: config archive member docker/envs/vectorstores/elasticsearch.env.example contains a real secret pattern (target hit, content redacted)
FAIL: config archive member docker/envs/vectorstores/elasticsearch.env.example contains a real secret pattern (target hit, content redacted)
FAIL: config archive member docker/envs/vectorstores/milvus.env.example contains a real secret pattern (target hit, content redacted)
FAIL: config archive member docker/envs/vectorstores/milvus.env.example contains a real secret pattern (target hit, content redacted)
FAIL: config archive member docker/envs/vectorstores/milvus.env.example contains a real secret pattern (target hit, content redacted)
FAIL: config archive member docker/envs/vectorstores/opengauss.env.example contains a real secret pattern (target hit, content redacted)
FAIL: config archive member docker/envs/vectorstores/opengauss.env.example contains a real secret pattern (target hit, content redacted)
FAIL: config archive member docker/envs/vectorstores/opengauss.env.example contains a real secret pattern (target hit, content redacted)
FAIL: config archive member docker/envs/vectorstores/oracle.env.example contains a real secret pattern (target hit, content redacted)
FAIL: config archive member docker/envs/vectorstores/oracle.env.example contains a real secret pattern (target hit, content redacted)
FAIL: config archive member docker/envs/vectorstores/oracle.env.example contains a real secret pattern (target hit, content redacted)
FAIL: config archive member docker/envs/vectorstores/pgvecto-rs.env.example contains a real secret pattern (target hit, content redacted)
FAIL: config archive member docker/envs/vectorstores/pgvecto-rs.env.example contains a real secret pattern (target hit, content redacted)
FAIL: config archive member docker/envs/vectorstores/pgvector.env.example contains a real secret pattern (target hit, content redacted)
FAIL: config archive member docker/envs/vectorstores/pgvector.env.example contains a real secret pattern (target hit, content redacted)
FAIL: config archive member docker/envs/vectorstores/weaviate.env.example contains a real secret pattern (target hit, content redacted)
FAIL: config archive member docker/envs/vectorstores/weaviate.env.example contains a real secret pattern (target hit, content redacted)
FAIL: config archive member docker/envs/vectorstores/weaviate.env.example contains a real secret pattern (target hit, content redacted)
FAIL: config archive member docker/envs/vectorstores/weaviate.env.example contains a real secret pattern (target hit, content redacted)
FAIL: config archive member docker/envs/vectorstores/weaviate.env.example contains a real secret pattern (target hit, content redacted)
FAIL: config archive member docker/nginx/conf.d/default.conf.template contains a real secret pattern (target hit, content redacted)
PASS: dev agent default secret only appears where the WARNING marker is present
PASS: image bundle archive is listable: dist/offline/dify-enterprise-offline-1.16.0-enterprise.tar
PASS: image bundle has a docker-save top-level layout (manifest.json + repositories)
PASS: image bundle contains no forbidden paths
FAIL: real-secret pattern scan (S-8) found secrets in packaged content (see FAILs above)

check-enterprise-offline summary: 11 PASS / 128 FAIL / 0 NOT_RUN
