 Network dify-b8-phase-h-rerun_default Creating
 Network dify-b8-phase-h-rerun_default Created
 Volume dify-b8-phase-h-rerun_dify-b8-phase-h-rerun-db-data Creating
 Volume dify-b8-phase-h-rerun_dify-b8-phase-h-rerun-db-data Created
 Volume dify-b8-phase-h-rerun_dify-b8-phase-h-rerun-redis-data Creating
 Volume dify-b8-phase-h-rerun_dify-b8-phase-h-rerun-redis-data Created
 Container dify-b8-phase-h-rerun-redis-1 Creating
 Container dify-b8-phase-h-rerun-db_postgres-1 Creating
 Container dify-b8-phase-h-rerun-redis-1 Created
 Container dify-b8-phase-h-rerun-db_postgres-1 Created
 Container dify-b8-phase-h-rerun-redis-1 Starting
 Container dify-b8-phase-h-rerun-db_postgres-1 Starting
 Container dify-b8-phase-h-rerun-db_postgres-1 Started
 Container dify-b8-phase-h-rerun-redis-1 Started
 Network dify-b8-phase-h-rerun_ssrf_proxy_network Creating
 Network dify-b8-phase-h-rerun_ssrf_proxy_network Created
 Container dify-b8-phase-h-rerun-web-1 Creating
 Container dify-b8-phase-h-rerun-api-1 Creating
 Container dify-b8-phase-h-rerun-api-1 Created
 Container dify-b8-phase-h-rerun-web-1 Created
 Container dify-b8-phase-h-rerun-nginx-1 Creating
 Container dify-b8-phase-h-rerun-nginx-1 Created
 Container dify-b8-phase-h-rerun-api-1 Starting
 Container dify-b8-phase-h-rerun-web-1 Starting
 Container dify-b8-phase-h-rerun-web-1 Started
 Container dify-b8-phase-h-rerun-api-1 Started
 Container dify-b8-phase-h-rerun-nginx-1 Starting
 Container dify-b8-phase-h-rerun-nginx-1 Started
