# Phase H rerun secret-scan — synthetic pattern (S-8) result

Pattern file: `/tmp/replay-116-phase-h-rerun/secrets.pattern` (mode 0600, removed
after use).
Patterns were SYNTHETIC strings (no real secrets were ever in scope for this run):
`PHASEH_RERUN_SYNTHETIC_PATTERN_0600_9f8a7b6c`,
`FAKE_AWS_SECRET_ACCESS_KEY_SYNTHETIC_111222333`,
and the dev-default agent secret string `MDEyMzQ1Njc4OWFiY2RlZjAxMjM0NTY3ODlhYmNkZWY=`.
Scan ran via `check-enterprise-offline.sh -SecretsPattern <0600 file>`.

## Result

- Synthetic secret-pattern scan over images file, manifest, config archive
  members, and image-bundle layers:
  **BOOLEAN result: no synthetic pattern matched packaged content.**
- Script summary: 13 PASS / 0 FAIL / 1 NOT_RUN (exit 0). See offline-scan.log.
- The 1 NOT_RUN is the image-bundle layer content scan: Docker 29 `docker save`
  emits an OCI blob layout (`blobs/sha256/*`), which the B7 layer scan
  (`grep '*/layer.tar$'`) does not match, so layer-level content scanning
  reported NOT_RUN instead of a fake PASS. This is the same known B7 gate
  ceiling as the first Phase H run (S-6 note); layer-internal secret scanning
  remains a Phase G runtime concern.
- Dev-default agent secret string was present only in `.env.example` files
  adjacent to WARNING markers; the gate PASSed that check for the config
  package and manifest.

## Cleanup

Pattern file and all temp scan intermediates removed at teardown; no secret
values were ever printed (script prints target + hit boolean only).
