 Container dify-b8-phase-h-rerun-nginx-1 Stopping
 Container dify-b8-phase-h-rerun-nginx-1 Stopped
 Container dify-b8-phase-h-rerun-nginx-1 Removing
 Container dify-b8-phase-h-rerun-nginx-1 Removed
 Container dify-b8-phase-h-rerun-web-1 Stopping
 Container dify-b8-phase-h-rerun-api-1 Stopping
 Container dify-b8-phase-h-rerun-web-1 Stopped
 Container dify-b8-phase-h-rerun-web-1 Removing
 Container dify-b8-phase-h-rerun-web-1 Removed
 Container dify-b8-phase-h-rerun-api-1 Stopped
 Container dify-b8-phase-h-rerun-api-1 Removing
 Container dify-b8-phase-h-rerun-api-1 Removed
 Container dify-b8-phase-h-rerun-init_permissions-1 Stopping
 Container dify-b8-phase-h-rerun-db_postgres-1 Stopping
 Container dify-b8-phase-h-rerun-redis-1 Stopping
 Container dify-b8-phase-h-rerun-init_permissions-1 Stopped
 Container dify-b8-phase-h-rerun-init_permissions-1 Removing
 Container dify-b8-phase-h-rerun-init_permissions-1 Removed
 Container dify-b8-phase-h-rerun-redis-1 Stopped
 Container dify-b8-phase-h-rerun-redis-1 Removing
 Container dify-b8-phase-h-rerun-redis-1 Removed
 Container dify-b8-phase-h-rerun-db_postgres-1 Stopped
 Container dify-b8-phase-h-rerun-db_postgres-1 Removing
 Container dify-b8-phase-h-rerun-db_postgres-1 Removed
 Volume dify-b8-phase-h-rerun_dify-b8-phase-h-rerun-db-data Removing
 Volume dify-b8-phase-h-rerun_dify-b8-phase-h-rerun-redis-data Removing
 Volume dify-b8-phase-h-rerun_dify-b8-phase-h-rerun-api-storage Removing
 Network dify-b8-phase-h-rerun_ssrf_proxy_network Removing
 Network dify-b8-phase-h-rerun_default Removing
 Volume dify-b8-phase-h-rerun_dify-b8-phase-h-rerun-db-data Removed
 Volume dify-b8-phase-h-rerun_dify-b8-phase-h-rerun-redis-data Removed
 Volume dify-b8-phase-h-rerun_dify-b8-phase-h-rerun-api-storage Removed
 Network dify-b8-phase-h-rerun_default Removed
 Network dify-b8-phase-h-rerun_ssrf_proxy_network Removed
