 Container dify-b8-phase-h-nginx-1 Stopping
 Container dify-b8-phase-h-web-1 Stopping
 Container dify-b8-phase-h-api-1 Stopping
 Container dify-b8-phase-h-redis-1 Stopping
 Container dify-b8-phase-h-db_postgres-1 Stopping
 Container dify-b8-phase-h-init_permissions-1 Stopping
 Container dify-b8-phase-h-init_permissions-1 Stopped
 Container dify-b8-phase-h-init_permissions-1 Removing
 Container dify-b8-phase-h-init_permissions-1 Removed
 Container dify-b8-phase-h-redis-1 Stopped
 Container dify-b8-phase-h-redis-1 Removing
 Container dify-b8-phase-h-redis-1 Removed
 Container dify-b8-phase-h-web-1 Stopped
 Container dify-b8-phase-h-web-1 Removing
 Container dify-b8-phase-h-web-1 Removed
 Container dify-b8-phase-h-nginx-1 Stopped
 Container dify-b8-phase-h-nginx-1 Removing
 Container dify-b8-phase-h-nginx-1 Removed
 Container dify-b8-phase-h-db_postgres-1 Stopped
 Container dify-b8-phase-h-db_postgres-1 Removing
 Container dify-b8-phase-h-db_postgres-1 Removed
 Container dify-b8-phase-h-api-1 Stopped
 Container dify-b8-phase-h-api-1 Removing
 Container dify-b8-phase-h-api-1 Removed
 Volume dify-b8-phase-h_dify-b8-phase-h-api-storage Removing
 Network dify-b8-phase-h_ssrf_proxy_network Removing
 Volume dify-b8-phase-h_dify-b8-phase-h-redis-data Removing
 Network dify-b8-phase-h_default Removing
 Volume dify-b8-phase-h_dify-b8-phase-h-api-storage Removed
 Volume dify-b8-phase-h_dify-b8-phase-h-db-data Removing
 Volume dify-b8-phase-h_dify-b8-phase-h-redis-data Removed
 Volume dify-b8-phase-h_dify-b8-phase-h-db-data Removed
 Network dify-b8-phase-h_ssrf_proxy_network Removed
 Network dify-b8-phase-h_default Removed
